main.c:189:6:readIICEEPROM_2402C	24	static
main.c:193:6:writeIICEEPROM_2402C	32	static
main.c:220:5:main	112	static,ignoring_inline_asm
main.c:388:6:SystemClock_Config	232	static
main.c:450:13:MX_I2C1_Init	8	static
main.c:496:13:MX_I2C2_Init	8	static
main.c:542:13:MX_IWDG_Init	8	static
main.c:571:13:MX_SPI1_Init	8	static
main.c:611:13:MX_USART6_UART_Init	8	static
main.c:644:13:MX_DMA_Init	16	static
main.c:672:13:MX_GPIO_Init	48	static
main.c:715:6:HAL_GPIO_EXTI_Callback	24	static,ignoring_inline_asm
main.c:736:6:HAL_UART_RxCpltCallback	24	static
main.c:782:6:ADC_Thread	24	static
main.c:837:6:FFT_Thread	32	static
main.c:1015:6:Error_Handler	4	static
