main.c:194:6:readIICEEPROM_2402C	24	static
main.c:198:6:writeIICEEPROM_2402C	32	static
main.c:225:5:main	200	static,ignoring_inline_asm
main.c:400:6:SystemClock_Config	232	static
main.c:461:13:MX_I2C1_Init	8	static
main.c:507:13:MX_I2C2_Init	8	static
main.c:553:13:MX_IWDG_Init	8	static
main.c:582:13:MX_SPI1_Init	8	static
main.c:622:13:MX_USART6_UART_Init	8	static
main.c:655:13:MX_DMA_Init	16	static
main.c:683:13:MX_GPIO_Init	48	static
main.c:726:6:HAL_GPIO_EXTI_Callback	24	static,ignoring_inline_asm
main.c:747:6:HAL_UART_RxCpltCallback	16	static
main.c:771:6:ADC_Thread	24	static
main.c:826:6:FFT_Thread	32	static
main.c:1007:6:LED_Thread	16	static
main.c:1025:6:I2C_Thread	16	static
main.c:1040:6:Error_Handler	4	static
